00000000.000
UNMSFI1U.000
RD95F96L.000
TDOKS3PC.000
SE7LK0CA.000
KI77L9C4.000
3ATFRFFI.000
P6AEK52J.000
MQU82I8N.000
N9437EMT.000
7047UVUE.000
2VD1P55D.000
OBA6DK1Q.000
C251VK42.000
VJVTDHM9.000
P889S232.000
3LVRG87A.000
R5QQIL11.000
LRCN6K34.000
0K19F0E0.000
DI6ASF8Q.000
VS6CPQT6.000
47JFGFO7.000
JC5P9IPP.000
94MDON3K.000
HHGDKJET.000
8B37PDPP.000
IF9FGU3C.000
A5RNSOTN.000
FQ1T8T8H.000
GHAB9O9T.000
T2F1L57J.000
6A74GSDI.000
J15N84HL.000
5LVJ802V.000
H8G16FA3.000
97CK76BL.000
PS98GDLC.000
R9HMMR4M.000
RBC26MMC.000
L8N2I765.000
A4I4TG6G.000
6VSEB2NS.000
ILDTC0SC.000
ETUBDSRF.000
PBAJHKSN.000
MPKMP2LN.000
BTB9NM18.000
KDKNO6HE.000
84572HO9.000
RJPUDUEK.000
ABIF7PHE.000
0KUS06O6.000
LHV5EJ6L.000
CDMK6G3O.000
R5RHNC8F.000
VQMMFR12.000
4B1P6P99.000
0FV3O5RQ.000
BVVRP1MB.000
TA80IA3V.000
2SDOK6QB.000
28T8UNGR.000
CIRUESMA.000
1ECT0GSM.000
IQ450SGQ.000
62318BMV.000
Q2OQKHFH.000
APIK23K1.000
WWWWWWWW.000
